[debug] [2026-09-29T10:45:23.225Z] ----------------------------------------------------------------------
[debug] [2026-09-29T10:45:23.230Z] Command:       C:\Users\Localuser\AppData\Local\Microsoft\WinGet\Packages\OpenJS.NodeJS.LTS_Microsoft.Winget.Source_8wekyb3d8bbwe\node-v24.19.0-win-x64\node.exe C:\Users\Localuser\AppData\Local\Microsoft\WinGet\Packages\OpenJS.NodeJS.LTS_Microsoft.Winget.Source_8wekyb3d8bbwe\node-v24.19.0-win-x64\node_modules\firebase-tools\lib\bin\firebase.js projects:create portfolio-czar-erson --display-name Portfolio Czar Erson
[debug] [2026-09-29T10:45:23.230Z] CLI Version:   15.32.0
[debug] [2026-09-29T10:45:23.230Z] Platform:      win32
[debug] [2026-09-29T10:45:23.230Z] Node Version:  v24.19.0
[debug] [2026-09-29T10:45:23.230Z] Detected Agent: antigravity
[debug] [2026-09-29T10:45:23.230Z] Time:          Tue Sep 29 2026 18:45:23 GMT+0800 (Philippine Standard Time)
[debug] [2026-09-29T10:45:23.230Z] ----------------------------------------------------------------------
[debug] 
[debug] [2026-09-29T10:45:23.245Z] > command requires scopes: ["email","openid","https://www.googleapis.com/auth/cloudplatformprojects.readonly","https://www.googleapis.com/auth/firebase","https://www.googleapis.com/auth/cloud-platform"]
[debug] [2026-09-29T10:45:23.245Z] > authorizing via signed-in user (czrisla@gmail.com)
[debug] [2026-09-29T10:45:23.258Z] Checked if tokens are valid: true, expires at: 1790682316808
[debug] [2026-09-29T10:45:23.258Z] Checked if tokens are valid: true, expires at: 1790682316808
[debug] [2026-09-29T10:45:23.259Z] >>> [apiv2][query] POST https://cloudresourcemanager.googleapis.com/v1/projects [none]
[debug] [2026-09-29T10:45:23.259Z] >>> [apiv2][body] POST https://cloudresourcemanager.googleapis.com/v1/projects {"projectId":"portfolio-czar-erson","name":"Portfolio Czar Erson"}
[debug] [2026-09-29T10:45:25.078Z] <<< [apiv2][status] POST https://cloudresourcemanager.googleapis.com/v1/projects 200
[debug] [2026-09-29T10:45:25.078Z] <<< [apiv2][body] POST https://cloudresourcemanager.googleapis.com/v1/projects {"name":"operations/create_project.global.5115179181139993783"}
[debug] [2026-09-29T10:45:25.078Z] Checked if tokens are valid: true, expires at: 1790682316808
[debug] [2026-09-29T10:45:25.078Z] Checked if tokens are valid: true, expires at: 1790682316808
[debug] [2026-09-29T10:45:25.078Z] >>> [apiv2][query] GET https://cloudresourcemanager.googleapis.com/v1/operations/create_project.global.5115179181139993783 [none]
[debug] [2026-09-29T10:45:26.214Z] <<< [apiv2][status] GET https://cloudresourcemanager.googleapis.com/v1/operations/create_project.global.5115179181139993783 200
[debug] [2026-09-29T10:45:26.214Z] <<< [apiv2][body] GET https://cloudresourcemanager.googleapis.com/v1/operations/create_project.global.5115179181139993783 {"name":"operations/create_project.global.5115179181139993783","metadata":{"@type":"type.googleapis.com/google.cloudresourcemanager.v1.ProjectCreationStatus","ready":true},"done":true,"error":{"code":8,"message":"The project cannot be created because you have exceeded your allotted project quota.","details":[{"@type":"type.googleapis.com/google.rpc.QuotaFailure","violations":[{"description":"The project cannot be created because you have exceeded your allotted project quota."}]}]}}
[debug] [2026-09-29T10:45:26.471Z] FirebaseError: The project cannot be created because you have exceeded your allotted project quota.
    at OperationPoller.poll (C:\Users\Localuser\AppData\Local\Microsoft\WinGet\Packages\OpenJS.NodeJS.LTS_Microsoft.Winget.Source_8wekyb3d8bbwe\node-v24.19.0-win-x64\node_modules\firebase-tools\lib\operation-poller.js:25:19)
    at process.processTicksAndRejections (node:internal/process/task_queues:104:5)
    at async createCloudProject (C:\Users\Localuser\AppData\Local\Microsoft\WinGet\Packages\OpenJS.NodeJS.LTS_Microsoft.Winget.Source_8wekyb3d8bbwe\node-v24.19.0-win-x64\node_modules\firebase-tools\lib\management\projects.js:237:29)
    at async createFirebaseProjectAndLog (C:\Users\Localuser\AppData\Local\Microsoft\WinGet\Packages\OpenJS.NodeJS.LTS_Microsoft.Winget.Source_8wekyb3d8bbwe\node-v24.19.0-win-x64\node_modules\firebase-tools\lib\management\projects.js:102:9)
    at async C:\Users\Localuser\AppData\Local\Microsoft\WinGet\Packages\OpenJS.NodeJS.LTS_Microsoft.Winget.Source_8wekyb3d8bbwe\node-v24.19.0-win-x64\node_modules\firebase-tools\lib\command.js:280:28
[error] 
[error] Error: Failed to create project. See firebase-debug.log for more info.
